14:55:07 **** Incremental Build of configuration Debug for project 2_Button ****
make -j4 all 
arm-none-eabi-gcc "../Core/Src/main.c" -mcpu=cortex-m4 -std=gnu11 -g3 -DDEBUG -DUSE_HAL_DRIVER -DSTM32F411xE -c -I../USB_HOST/App -I../USB_HOST/Target -I../Core/Inc -I../Drivers/STM32F4xx_HAL_Driver/Inc -I../Drivers/STM32F4xx_HAL_Driver/Inc/Legacy -I../Middlewares/ST/STM32_USB_Host_Library/Core/Inc -I../Middlewares/ST/STM32_USB_Host_Library/Class/CDC/Inc -I../Drivers/CMSIS/Device/ST/STM32F4xx/Include -I../Drivers/CMSIS/Include -O0 -ffunction-sections -fdata-sections -Wall -fstack-usage -MMD -MP -MF"Core/Src/main.d" -MT"Core/Src/main.o" --specs=nano.specs -mfpu=fpv4-sp-d16 -mfloat-abi=hard -mthumb -o "Core/Src/main.o"
arm-none-eabi-gcc -o "2_Button.elf" @"objects.list"   -mcpu=cortex-m4 -T"C:\Users\aktur\STM32CubeIDE\workspace_stm32f411\stm32f411\2_Button\STM32F411VETX_FLASH.ld" --specs=nosys.specs -Wl,-Map="2_Button.map" -Wl,--gc-sections -static --specs=nano.specs -mfpu=fpv4-sp-d16 -mfloat-abi=hard -mthumb -Wl,--start-group -lc -lm -Wl,--end-group
Finished building target: 2_Button.elf
 
arm-none-eabi-size   2_Button.elf 
arm-none-eabi-objdump -h -S  2_Button.elf  > "2_Button.list"
arm-none-eabi-objcopy  -O ihex  2_Button.elf  "2_Button.hex"
   text	   data	    bss	    dec	    hex	filename
  30816	    152	   3496	  34464	   86a0	2_Button.elf
arm-none-eabi-objcopy  -O binary  2_Button.elf  "2_Button.bin"
Finished building: default.size.stdout
 
Finished building: 2_Button.bin
Finished building: 2_Button.hex
 
Finished building: 2_Button.list
 
 
14:55:11 **** Incremental Build of configuration Debug for project 2_Button ****
make -j4 all 
arm-none-eabi-size   2_Button.elf 
   text	   data	    bss	    dec	    hex	filename
  30816	    152	   3496	  34464	   86a0	2_Button.elf
Finished building: default.size.stdout
 
